PowerAutomation首页UI端到端测试报告
========================================

总测试数: 4
通过: 4
失败: 0

测试详情:
----------------------------------------
测试: test_ppt_mode_custom_icon
状态: passed
消息: PPT模式自定义图标显示正常
----------------------------------------
测试: test_mode_selection_styles
状态: passed
消息: 所有模式选中样式正常
----------------------------------------
测试: test_platform_title_style
状态: passed
消息: 平台标题样式正常
----------------------------------------
测试: test_responsive_layout
状态: passed
消息: 响应式布局在各种设备上表现正常
----------------------------------------
